
                                                                29-SEP-2026 13:13        Linker V11-39                    Page    1

                                             +------------------------+
                                             ! Object Module Synopsis !
                                             +------------------------+

Module Name     Ident              Bytes      File                                Creation Date      Creator
-----------     -----              -----      -----                               -------------      -------
ENTRY           V1.0                    6 DUA2:[000000]ENTRY.OBJ;1             29-SEP-2026 13:13  VAX MACRO V5.4-3

                                            +--------------------------+
                                            ! Program Section Synopsis !
                                            +--------------------------+

Psect Name      Module Name       Base     End           Length            Align                 Attributes
----------      -----------       ----     ---           ------            -----                 ----------
CODE                            00000200 00000205 00000006 (          6.) LONG  2 NOPIC,USR,CON,REL,LCL,NOSHR,  EXE,  RD,NOWRT,NOVEC
                ENTRY           00000200 00000205 00000006 (          6.) LONG  2

                                                +-----------------+
                                                ! Symbols By Name !
                                                +-----------------+

Symbol          Value              Symbol          Value              Symbol          Value              Symbol          Value
------          -----              ------          -----              ------          -----              ------          -----
MAIN            00000200-R        



	  Key for special characters above:
		+--------------------+
		! *  - Undefined     !
		! A  - Alias Name    !
		! I  - Internal Name !
		! U  - Universal     !
		! R  - Relocatable   !
		! X  - External      !
		! WK - Weak          !
		+--------------------+

DUA2:[000000]ENTRY.EXE;1                                        29-SEP-2026 13:13        Linker V11-39                    Page    2

                                                 +----------------+
                                                 ! Image Synopsis !
                                                 +----------------+

Virtual memory allocated:                         00000200 000005FF 00000400 (1024. bytes, 2. pages)
Stack size:                                             20. pages
Image header virtual block limits:                       1.        1. (    1. block)
Image binary virtual block limits:                       2.        3. (    2. blocks)
Image name and identification:                    ENTRY V1.0
Number of files:                                         3.
Number of modules:                                       2.
Number of program sections:                              3.
Number of global symbols:                                2.
Number of image sections:                                3.
User transfer address:                            00000200
Debugger transfer address:                        7FFEDF68
Image type:                                       EXECUTABLE.
Map format:                                       DEFAULT in file DUA2:[000000]ENTRY.MAP;1
Estimated map length:                             10. blocks
                                              +---------------------+
                                              ! Link Run Statistics !
                                              +---------------------+

Performance Indicators                            Page Faults	CPU Time	Elapsed Time
----------------------                            -----------	--------	------------
    Command processing:                                    75	00:00:00.00	00:00:00.00
    Pass 1:                                              1234	00:00:00.00	00:00:00.00
    Allocation/Relocation:                                 64	00:00:00.01	00:00:00.01
    Pass 2:                                               739	00:00:00.00	00:00:00.00
    Map data after object module synopsis:                 44	00:00:00.00	00:00:00.00
    Symbol table output:                                   21	00:00:00.00	00:00:00.00
Total run values:                                        2177	00:00:00.01	00:00:00.01

Using a working set limited to 662 pages and 50 pages of data storage (excluding image)

Total number object records read (both passes):   82
    of which 26 were in libraries and 3 were DEBUG data records containing 54 bytes
43 bytes of DEBUG data were written,starting at VBN 4 with 1 blocks allocated

Number of modules extracted explicitly             = 0
    with 1 extracted to resolve undefined symbols

0 library searches were for symbols not in the library searched

A total of 0 global symbol table records was written

LINK/MAP ENTRY
