
RLTRNOTB                                                         4-OCT-2026 15:53        Linker V11-39                    Page    1

                                             +------------------------+
                                             ! Object Module Synopsis !
                                             +------------------------+

Module Name     Ident              Bytes      File                                Creation Date      Creator
-----------     -----              -----      -----                               -------------      -------
TRACE           V1.0                  116 DUA1:[000000]GVTRACE.OBJ;1            4-OCT-2026 15:52  govax MACRO V0.0-0

                                            +--------------------------+
                                            ! Program Section Synopsis !
                                            +--------------------------+

Psect Name      Module Name       Base     End           Length            Align                 Attributes
----------      -----------       ----     ---           ------            -----                 ----------
$CONST                          00000200 00000207 00000008 (          8.) BYTE  0 NOPIC,USR,CON,REL,LCL,NOSHR,NOEXE,  RD,NOWRT,NOVEC
                TRACE           00000200 00000207 00000008 (          8.) BYTE  0
DATA                            00000400 00000428 00000029 (         41.) LONG  2 NOPIC,USR,CON,REL,LCL,NOSHR,NOEXE,  RD,  WRT,NOVEC
                TRACE           00000400 00000428 00000029 (         41.) LONG  2
$CODE                           00000600 00000642 00000043 (         67.) LONG  2 NOPIC,USR,CON,REL,LCL,NOSHR,  EXE,  RD,NOWRT,NOVEC
                TRACE           00000600 00000642 00000043 (         67.) LONG  2

                                                +-----------------+
                                                ! Symbols By Name !
                                                +-----------------+

Symbol          Value              Symbol          Value              Symbol          Value              Symbol          Value
------          -----              ------          -----              ------          -----              ------          -----
FIRST           0000061E-R        
GLOBDATA        00000425-R        
LEVEL           00000002          
SECOND          0000062D-R        
TRACE           00000600-R        



	  Key for special characters above:
		+--------------------+
		! *  - Undefined     !
		! A  - Alias Name    !
		! I  - Internal Name !
		! U  - Universal     !
		! R  - Relocatable   !
		! X  - External      !
		! WK - Weak          !
		+--------------------+

DUA1:[000000]RLTRNOTB.EXE;1                                      4-OCT-2026 15:53        Linker V11-39                    Page    2

                                                 +----------------+
                                                 ! Image Synopsis !
                                                 +----------------+

Virtual memory allocated:                         00000200 000009FF 00000800 (2048. bytes, 4. pages)
Stack size:                                             20. pages
Image header virtual block limits:                       1.        1. (    1. block)
Image binary virtual block limits:                       2.        5. (    4. blocks)
Image name and identification:                    RLTRNOTB V1.0
Number of files:                                         3.
Number of modules:                                       2.
Number of program sections:                              5.
Number of global symbols:                              310.
Number of image sections:                                7.
User transfer address:                            00000600
Number of code references to shareable images:           1.
Image type:                                       EXECUTABLE.
Map format:                                       DEFAULT in file DUA1:[000000]RLTRNOTB.MAP;1
Estimated map length:                             31. blocks
                                              +---------------------+
                                              ! Link Run Statistics !
                                              +---------------------+

Performance Indicators                            Page Faults	CPU Time	Elapsed Time
----------------------                            -----------	--------	------------
    Command processing:                                   102	00:00:00.00	00:00:00.00
    Pass 1:                                               241	00:00:00.01	00:00:00.01
    Allocation/Relocation:                                 60	00:00:00.00	00:00:00.00
    Pass 2:                                                75	00:00:00.00	00:00:00.00
    Map data after object module synopsis:                 27	00:00:00.00	00:00:00.00
    Symbol table output:                                   16	00:00:00.00	00:00:00.00
Total run values:                                         521	00:00:00.01	00:00:00.01

Using a working set limited to 512 pages and 108 pages of data storage (excluding image)

Total number object records read (both passes):   74
    of which 0 were in libraries and 3 were DEBUG data records containing 127 bytes

Number of modules extracted explicitly             = 0
    with 0 extracted to resolve undefined symbols

0 library searches were for symbols not in the library searched

A total of 0 global symbol table records was written

LINK/MAP=RLTRNOTB/EXECUTABLE=RLTRNOTB/NOTRACEBACK GVTRACE
