
Directory DUA1:[000000]

ADDR.OBJ;1                    File ID:  (29,1,0)              
Size:            1/1          Owner:    [SYSTEM]
Created:   30-SEP-2026 06:01:55.32
Revised:   30-SEP-2026 06:01:55.33 (1)
Expires:   <None specified>
Backup:    <No backup recorded>
Effective: <None specified>
Recording: <None specified>
File organization:  Sequential
Shelved state:      Online 
File attributes:    Allocation: 1, Extend: 20, Global buffer count: 0, No version limit
Record format:      Variable length, maximum 0 bytes, longest 75 bytes
Record attributes:  None
RMS attributes:     None
Journaling enabled: None
File protection:    System:RWED, Owner:RWED, Group:RE, World:
Access Cntrl List:  None

DEFS.OBJ;1                    File ID:  (23,1,0)              
Size:            1/1          Owner:    [SYSTEM]
Created:   30-SEP-2026 06:01:55.25
Revised:   30-SEP-2026 06:01:55.27 (1)
Expires:   <None specified>
Backup:    <No backup recorded>
Effective: <None specified>
Recording: <None specified>
File organization:  Sequential
Shelved state:      Online 
File attributes:    Allocation: 1, Extend: 20, Global buffer count: 0, No version limit
Record format:      Variable length, maximum 0 bytes, longest 107 bytes
Record attributes:  None
RMS attributes:     None
Journaling enabled: None
File protection:    System:RWED, Owner:RWED, Group:RE, World:
Access Cntrl List:  None

EXPRS.OBJ;1                   File ID:  (33,1,0)              
Size:            1/1          Owner:    [SYSTEM]
Created:   30-SEP-2026 06:01:55.37
Revised:   30-SEP-2026 06:01:55.38 (1)
Expires:   <None specified>
Backup:    <No backup recorded>
Effective: <None specified>
Recording: <None specified>
File organization:  Sequential
Shelved state:      Online 
File attributes:    Allocation: 1, Extend: 20, Global buffer count: 0, No version limit
Record format:      Variable length, maximum 0 bytes, longest 75 bytes
Record attributes:  None
RMS attributes:     None
Journaling enabled: None
File protection:    System:RWED, Owner:RWED, Group:RE, World:
Access Cntrl List:  None

EXTERN.OBJ;1                  File ID:  (31,1,0)              
Size:            1/1          Owner:    [SYSTEM]
Created:   30-SEP-2026 06:01:55.34
Revised:   30-SEP-2026 06:01:55.35 (1)
Expires:   <None specified>
Backup:    <No backup recorded>
Effective: <None specified>
Recording: <None specified>
File organization:  Sequential
Shelved state:      Online 
File attributes:    Allocation: 1, Extend: 20, Global buffer count: 0, No version limit
Record format:      Variable length, maximum 0 bytes, longest 93 bytes
Record attributes:  None
RMS attributes:     None
Journaling enabled: None
File protection:    System:RWED, Owner:RWED, Group:RE, World:
Access Cntrl List:  None

GENERAL.OBJ;1                 File ID:  (37,1,0)              
Size:            1/1          Owner:    [SYSTEM]
Created:   30-SEP-2026 06:01:55.41
Revised:   30-SEP-2026 06:01:55.42 (1)
Expires:   <None specified>
Backup:    <No backup recorded>
Effective: <None specified>
Recording: <None specified>
File organization:  Sequential
Shelved state:      Online 
File attributes:    Allocation: 1, Extend: 20, Global buffer count: 0, No version limit
Record format:      Variable length, maximum 0 bytes, longest 88 bytes
Record attributes:  None
RMS attributes:     None
Journaling enabled: None
File protection:    System:RWED, Owner:RWED, Group:RE, World:
Access Cntrl List:  None

GLOBALS.OBJ;1                 File ID:  (39,1,0)              
Size:            1/1          Owner:    [SYSTEM]
Created:   30-SEP-2026 06:01:55.44
Revised:   30-SEP-2026 06:01:55.44 (1)
Expires:   <None specified>
Backup:    <No backup recorded>
Effective: <None specified>
Recording: <None specified>
File organization:  Sequential
Shelved state:      Online 
File attributes:    Allocation: 1, Extend: 20, Global buffer count: 0, No version limit
Record format:      Variable length, maximum 0 bytes, longest 52 bytes
Record attributes:  None
RMS attributes:     None
Journaling enabled: None
File protection:    System:RWED, Owner:RWED, Group:RE, World:
Access Cntrl List:  None

MODES.OBJ;1                   File ID:  (35,1,0)              
Size:            2/2          Owner:    [SYSTEM]
Created:   30-SEP-2026 06:01:55.39
Revised:   30-SEP-2026 06:01:55.40 (1)
Expires:   <None specified>
Backup:    <No backup recorded>
Effective: <None specified>
Recording: <None specified>
File organization:  Sequential
Shelved state:      Online 
File attributes:    Allocation: 2, Extend: 20, Global buffer count: 0, No version limit
Record format:      Variable length, maximum 0 bytes, longest 100 bytes
Record attributes:  None
RMS attributes:     None
Journaling enabled: None
File protection:    System:RWED, Owner:RWED, Group:RE, World:
Access Cntrl List:  None

SHARE1.OBJ;1                  File ID:  (25,1,0)              
Size:            1/1          Owner:    [SYSTEM]
Created:   30-SEP-2026 06:01:55.28
Revised:   30-SEP-2026 06:01:55.29 (1)
Expires:   <None specified>
Backup:    <No backup recorded>
Effective: <None specified>
Recording: <None specified>
File organization:  Sequential
Shelved state:      Online 
File attributes:    Allocation: 1, Extend: 20, Global buffer count: 0, No version limit
Record format:      Variable length, maximum 0 bytes, longest 57 bytes
Record attributes:  None
RMS attributes:     None
Journaling enabled: None
File protection:    System:RWED, Owner:RWED, Group:RE, World:
Access Cntrl List:  None

SHARE2.OBJ;1                  File ID:  (27,1,0)              
Size:            1/1          Owner:    [SYSTEM]
Created:   30-SEP-2026 06:01:55.30
Revised:   30-SEP-2026 06:01:55.31 (1)
Expires:   <None specified>
Backup:    <No backup recorded>
Effective: <None specified>
Recording: <None specified>
File organization:  Sequential
Shelved state:      Online 
File attributes:    Allocation: 1, Extend: 20, Global buffer count: 0, No version limit
Record format:      Variable length, maximum 0 bytes, longest 57 bytes
Record attributes:  None
RMS attributes:     None
Journaling enabled: None
File protection:    System:RWED, Owner:RWED, Group:RE, World:
Access Cntrl List:  None

MYLIB.OLB;1                   File ID:  (59,1,0)              
Size:           52/100        Owner:    [SYSTEM]
Created:   30-SEP-2026 06:01:55.71
Revised:   30-SEP-2026 06:01:55.71 (1)
Expires:   <None specified>
Backup:    <No backup recorded>
Effective: <None specified>
Recording: <None specified>
File organization:  Sequential
Shelved state:      Online 
File attributes:    Allocation: 100, Extend: 0, Global buffer count: 0, No version limit, Contiguous best try
Record format:      Fixed length 512 byte records
Record attributes:  None
RMS attributes:     None
Journaling enabled: None
File protection:    System:RWED, Owner:RWED, Group:RE, World:
Access Cntrl List:  None

ADDR.EXE;1                    File ID:  (70,1,0)              
Size:            5/5          Owner:    [SYSTEM]
Created:   30-SEP-2026 06:01:55.87
Revised:   30-SEP-2026 06:01:55.87 (1)
Expires:   <None specified>
Backup:    <No backup recorded>
Effective: <None specified>
Recording: <None specified>
File organization:  Sequential
Shelved state:      Online 
File attributes:    Allocation: 5, Extend: 0, Global buffer count: 0, No version limit, Contiguous best try
Record format:      Fixed length 512 byte records
Record attributes:  None
RMS attributes:     None
Journaling enabled: None
File protection:    System:RWED, Owner:RWED, Group:RE, World:
Access Cntrl List:  None

EXPRS.EXE;1                   File ID:  (45,1,0)              
Size:            5/5          Owner:    [SYSTEM]
Created:   30-SEP-2026 06:01:55.52
Revised:   30-SEP-2026 06:01:55.52 (1)
Expires:   <None specified>
Backup:    <No backup recorded>
Effective: <None specified>
Recording: <None specified>
File organization:  Sequential
Shelved state:      Online 
File attributes:    Allocation: 5, Extend: 0, Global buffer count: 0, No version limit, Contiguous best try
Record format:      Fixed length 512 byte records
Record attributes:  None
RMS attributes:     None
Journaling enabled: None
File protection:    System:RWED, Owner:RWED, Group:RE, World:
Access Cntrl List:  None

EXTERN.EXE;1                  File ID:  (42,1,0)              
Size:            5/5          Owner:    [SYSTEM]
Created:   30-SEP-2026 06:01:55.48
Revised:   30-SEP-2026 06:01:55.48 (1)
Expires:   <None specified>
Backup:    <No backup recorded>
Effective: <None specified>
Recording: <None specified>
File organization:  Sequential
Shelved state:      Online 
File attributes:    Allocation: 5, Extend: 0, Global buffer count: 0, No version limit, Contiguous best try
Record format:      Fixed length 512 byte records
Record attributes:  None
RMS attributes:     None
Journaling enabled: None
File protection:    System:RWED, Owner:RWED, Group:RE, World:
Access Cntrl List:  None

EXTERNL.EXE;1                 File ID:  (61,1,0)              
Size:            5/5          Owner:    [SYSTEM]
Created:   30-SEP-2026 06:01:55.74
Revised:   30-SEP-2026 06:01:55.74 (1)
Expires:   <None specified>
Backup:    <No backup recorded>
Effective: <None specified>
Recording: <None specified>
File organization:  Sequential
Shelved state:      Online 
File attributes:    Allocation: 5, Extend: 0, Global buffer count: 0, No version limit, Contiguous best try
Record format:      Fixed length 512 byte records
Record attributes:  None
RMS attributes:     None
Journaling enabled: None
File protection:    System:RWED, Owner:RWED, Group:RE, World:
Access Cntrl List:  None

EXTERNU.EXE;1                 File ID:  (57,1,0)              
Size:            4/4          Owner:    [SYSTEM]
Created:   30-SEP-2026 06:01:55.69
Revised:   30-SEP-2026 06:01:55.69 (1)
Expires:   <None specified>
Backup:    <No backup recorded>
Effective: <None specified>
Recording: <None specified>
File organization:  Sequential
Shelved state:      Online 
File attributes:    Allocation: 4, Extend: 0, Global buffer count: 0, No version limit, Contiguous best try
Record format:      Fixed length 512 byte records
Record attributes:  None
RMS attributes:     None
Journaling enabled: None
File protection:    System:RWED, Owner:RWED, Group:RE, World:
Access Cntrl List:  None

GENERAL.EXE;1                 File ID:  (51,1,0)              
Size:            5/5          Owner:    [SYSTEM]
Created:   30-SEP-2026 06:01:55.60
Revised:   30-SEP-2026 06:01:55.60 (1)
Expires:   <None specified>
Backup:    <No backup recorded>
Effective: <None specified>
Recording: <None specified>
File organization:  Sequential
Shelved state:      Online 
File attributes:    Allocation: 5, Extend: 0, Global buffer count: 0, No version limit, Contiguous best try
Record format:      Fixed length 512 byte records
Record attributes:  None
RMS attributes:     None
Journaling enabled: None
File protection:    System:RWED, Owner:RWED, Group:RE, World:
Access Cntrl List:  None

GLOBALS.EXE;1                 File ID:  (54,1,0)              
Size:            5/5          Owner:    [SYSTEM]
Created:   30-SEP-2026 06:01:55.64
Revised:   30-SEP-2026 06:01:55.65 (1)
Expires:   <None specified>
Backup:    <No backup recorded>
Effective: <None specified>
Recording: <None specified>
File organization:  Sequential
Shelved state:      Online 
File attributes:    Allocation: 5, Extend: 0, Global buffer count: 0, No version limit, Contiguous best try
Record format:      Fixed length 512 byte records
Record attributes:  None
RMS attributes:     None
Journaling enabled: None
File protection:    System:RWED, Owner:RWED, Group:RE, World:
Access Cntrl List:  None

MODES.EXE;1                   File ID:  (48,1,0)              
Size:            5/5          Owner:    [SYSTEM]
Created:   30-SEP-2026 06:01:55.56
Revised:   30-SEP-2026 06:01:55.56 (1)
Expires:   <None specified>
Backup:    <No backup recorded>
Effective: <None specified>
Recording: <None specified>
File organization:  Sequential
Shelved state:      Online 
File attributes:    Allocation: 5, Extend: 0, Global buffer count: 0, No version limit, Contiguous best try
Record format:      Fixed length 512 byte records
Record attributes:  None
RMS attributes:     None
Journaling enabled: None
File protection:    System:RWED, Owner:RWED, Group:RE, World:
Access Cntrl List:  None

PROG.EXE;1                    File ID:  (73,1,0)              
Size:            5/5          Owner:    [SYSTEM]
Created:   30-SEP-2026 06:01:55.91
Revised:   30-SEP-2026 06:01:55.92 (1)
Expires:   <None specified>
Backup:    <No backup recorded>
Effective: <None specified>
Recording: <None specified>
File organization:  Sequential
Shelved state:      Online 
File attributes:    Allocation: 5, Extend: 0, Global buffer count: 0, No version limit, Contiguous best try
Record format:      Fixed length 512 byte records
Record attributes:  None
RMS attributes:     None
Journaling enabled: None
File protection:    System:RWED, Owner:RWED, Group:RE, World:
Access Cntrl List:  None

SHARE.EXE;1                   File ID:  (64,1,0)              
Size:            5/5          Owner:    [SYSTEM]
Created:   30-SEP-2026 06:01:55.78
Revised:   30-SEP-2026 06:01:55.79 (1)
Expires:   <None specified>
Backup:    <No backup recorded>
Effective: <None specified>
Recording: <None specified>
File organization:  Sequential
Shelved state:      Online 
File attributes:    Allocation: 5, Extend: 0, Global buffer count: 0, No version limit, Contiguous best try
Record format:      Fixed length 512 byte records
Record attributes:  None
RMS attributes:     None
Journaling enabled: None
File protection:    System:RWED, Owner:RWED, Group:RE, World:
Access Cntrl List:  None

SHARER.EXE;1                  File ID:  (67,1,0)              
Size:            5/5          Owner:    [SYSTEM]
Created:   30-SEP-2026 06:01:55.83
Revised:   30-SEP-2026 06:01:55.83 (1)
Expires:   <None specified>
Backup:    <No backup recorded>
Effective: <None specified>
Recording: <None specified>
File organization:  Sequential
Shelved state:      Online 
File attributes:    Allocation: 5, Extend: 0, Global buffer count: 0, No version limit, Contiguous best try
Record format:      Fixed length 512 byte records
Record attributes:  None
RMS attributes:     None
Journaling enabled: None
File protection:    System:RWED, Owner:RWED, Group:RE, World:
Access Cntrl List:  None

ADDR.MAP;1                    File ID:  (69,1,0)              
Size:           11/11         Owner:    [SYSTEM]
Created:   30-SEP-2026 06:01:55.86
Revised:   30-SEP-2026 06:01:55.87 (1)
Expires:   <None specified>
Backup:    <No backup recorded>
Effective: <None specified>
Recording: <None specified>
File organization:  Sequential
Shelved state:      Online 
File attributes:    Allocation: 11, Extend: 0, Global buffer count: 0, No version limit
Record format:      Variable length, maximum 0 bytes, longest 132 bytes
Record attributes:  Carriage return carriage control
RMS attributes:     None
Journaling enabled: None
File protection:    System:RWED, Owner:RWED, Group:RE, World:
Access Cntrl List:  None

EXPRS.MAP;1                   File ID:  (44,1,0)              
Size:           12/12         Owner:    [SYSTEM]
Created:   30-SEP-2026 06:01:55.51
Revised:   30-SEP-2026 06:01:55.52 (1)
Expires:   <None specified>
Backup:    <No backup recorded>
Effective: <None specified>
Recording: <None specified>
File organization:  Sequential
Shelved state:      Online 
File attributes:    Allocation: 12, Extend: 0, Global buffer count: 0, No version limit
Record format:      Variable length, maximum 0 bytes, longest 132 bytes
Record attributes:  Carriage return carriage control
RMS attributes:     None
Journaling enabled: None
File protection:    System:RWED, Owner:RWED, Group:RE, World:
Access Cntrl List:  None

EXTERN.MAP;1                  File ID:  (41,1,0)              
Size:           12/12         Owner:    [SYSTEM]
Created:   30-SEP-2026 06:01:55.47
Revised:   30-SEP-2026 06:01:55.48 (1)
Expires:   <None specified>
Backup:    <No backup recorded>
Effective: <None specified>
Recording: <None specified>
File organization:  Sequential
Shelved state:      Online 
File attributes:    Allocation: 12, Extend: 0, Global buffer count: 0, No version limit
Record format:      Variable length, maximum 0 bytes, longest 132 bytes
Record attributes:  Carriage return carriage control
RMS attributes:     None
Journaling enabled: None
File protection:    System:RWED, Owner:RWED, Group:RE, World:
Access Cntrl List:  None

EXTERNL.MAP;1                 File ID:  (60,1,0)              
Size:           12/12         Owner:    [SYSTEM]
Created:   30-SEP-2026 06:01:55.73
Revised:   30-SEP-2026 06:01:55.74 (1)
Expires:   <None specified>
Backup:    <No backup recorded>
Effective: <None specified>
Recording: <None specified>
File organization:  Sequential
Shelved state:      Online 
File attributes:    Allocation: 12, Extend: 0, Global buffer count: 0, No version limit
Record format:      Variable length, maximum 0 bytes, longest 132 bytes
Record attributes:  Carriage return carriage control
RMS attributes:     None
Journaling enabled: None
File protection:    System:RWED, Owner:RWED, Group:RE, World:
Access Cntrl List:  None

EXTERNU.MAP;1                 File ID:  (56,1,0)              
Size:           13/13         Owner:    [SYSTEM]
Created:   30-SEP-2026 06:01:55.68
Revised:   30-SEP-2026 06:01:55.70 (1)
Expires:   <None specified>
Backup:    <No backup recorded>
Effective: <None specified>
Recording: <None specified>
File organization:  Sequential
Shelved state:      Online 
File attributes:    Allocation: 13, Extend: 0, Global buffer count: 0, No version limit
Record format:      Variable length, maximum 0 bytes, longest 132 bytes
Record attributes:  Carriage return carriage control
RMS attributes:     None
Journaling enabled: None
File protection:    System:RWED, Owner:RWED, Group:RE, World:
Access Cntrl List:  None

GENERAL.MAP;1                 File ID:  (50,1,0)              
Size:           12/12         Owner:    [SYSTEM]
Created:   30-SEP-2026 06:01:55.59
Revised:   30-SEP-2026 06:01:55.61 (1)
Expires:   <None specified>
Backup:    <No backup recorded>
Effective: <None specified>
Recording: <None specified>
File organization:  Sequential
Shelved state:      Online 
File attributes:    Allocation: 12, Extend: 0, Global buffer count: 0, No version limit
Record format:      Variable length, maximum 0 bytes, longest 132 bytes
Record attributes:  Carriage return carriage control
RMS attributes:     None
Journaling enabled: None
File protection:    System:RWED, Owner:RWED, Group:RE, World:
Access Cntrl List:  None

GLOBALS.MAP;1                 File ID:  (53,1,0)              
Size:           12/12         Owner:    [SYSTEM]
Created:   30-SEP-2026 06:01:55.63
Revised:   30-SEP-2026 06:01:55.65 (1)
Expires:   <None specified>
Backup:    <No backup recorded>
Effective: <None specified>
Recording: <None specified>
File organization:  Sequential
Shelved state:      Online 
File attributes:    Allocation: 12, Extend: 0, Global buffer count: 0, No version limit
Record format:      Variable length, maximum 0 bytes, longest 132 bytes
Record attributes:  Carriage return carriage control
RMS attributes:     None
Journaling enabled: None
File protection:    System:RWED, Owner:RWED, Group:RE, World:
Access Cntrl List:  None

MODES.MAP;1                   File ID:  (47,1,0)              
Size:           12/12         Owner:    [SYSTEM]
Created:   30-SEP-2026 06:01:55.55
Revised:   30-SEP-2026 06:01:55.56 (1)
Expires:   <None specified>
Backup:    <No backup recorded>
Effective: <None specified>
Recording: <None specified>
File organization:  Sequential
Shelved state:      Online 
File attributes:    Allocation: 12, Extend: 0, Global buffer count: 0, No version limit
Record format:      Variable length, maximum 0 bytes, longest 132 bytes
Record attributes:  Carriage return carriage control
RMS attributes:     None
Journaling enabled: None
File protection:    System:RWED, Owner:RWED, Group:RE, World:
Access Cntrl List:  None

PROG.MAP;1                    File ID:  (72,1,0)              
Size:           13/13         Owner:    [SYSTEM]
Created:   30-SEP-2026 06:01:55.90
Revised:   30-SEP-2026 06:01:55.92 (1)
Expires:   <None specified>
Backup:    <No backup recorded>
Effective: <None specified>
Recording: <None specified>
File organization:  Sequential
Shelved state:      Online 
File attributes:    Allocation: 13, Extend: 0, Global buffer count: 0, No version limit
Record format:      Variable length, maximum 0 bytes, longest 132 bytes
Record attributes:  Carriage return carriage control
RMS attributes:     None
Journaling enabled: None
File protection:    System:RWED, Owner:RWED, Group:RE, World:
Access Cntrl List:  None

SHARE.MAP;1                   File ID:  (63,1,0)              
Size:           12/12         Owner:    [SYSTEM]
Created:   30-SEP-2026 06:01:55.77
Revised:   30-SEP-2026 06:01:55.79 (1)
Expires:   <None specified>
Backup:    <No backup recorded>
Effective: <None specified>
Recording: <None specified>
File organization:  Sequential
Shelved state:      Online 
File attributes:    Allocation: 12, Extend: 0, Global buffer count: 0, No version limit
Record format:      Variable length, maximum 0 bytes, longest 132 bytes
Record attributes:  Carriage return carriage control
RMS attributes:     None
Journaling enabled: None
File protection:    System:RWED, Owner:RWED, Group:RE, World:
Access Cntrl List:  None

SHARER.MAP;1                  File ID:  (66,1,0)              
Size:           12/12         Owner:    [SYSTEM]
Created:   30-SEP-2026 06:01:55.82
Revised:   30-SEP-2026 06:01:55.83 (1)
Expires:   <None specified>
Backup:    <No backup recorded>
Effective: <None specified>
Recording: <None specified>
File organization:  Sequential
Shelved state:      Online 
File attributes:    Allocation: 12, Extend: 0, Global buffer count: 0, No version limit
Record format:      Variable length, maximum 0 bytes, longest 132 bytes
Record attributes:  Carriage return carriage control
RMS attributes:     None
Journaling enabled: None
File protection:    System:RWED, Owner:RWED, Group:RE, World:
Access Cntrl List:  None

Total of 32 files, 249/297 blocks.
