
MODES.EXE                                                       30-SEP-2026 06:01        Linker V11-39                    Page    1

                                             +------------------------+
                                             ! Object Module Synopsis !
                                             +------------------------+

Module Name     Ident              Bytes      File                                Creation Date      Creator
-----------     -----              -----      -----                               -------------      -------
MODES           V1.0                   89 DUA1:[000000]MODES.OBJ;1             30-SEP-2026 06:01  VAX MACRO V5.4-3
DEFS            V1.0                   30 DUA1:[000000]DEFS.OBJ;1              30-SEP-2026 06:01  VAX MACRO V5.4-3

                                            +--------------------------+
                                            ! Program Section Synopsis !
                                            +--------------------------+

Psect Name      Module Name       Base     End           Length            Align                 Attributes
----------      -----------       ----     ---           ------            -----                 ----------
DATA                            00000200 00000233 00000034 (         52.) LONG  2 NOPIC,USR,CON,REL,LCL,NOSHR,NOEXE,  RD,  WRT,NOVEC
                MODES           00000200 0000021B 0000001C (         28.) LONG  2
                DEFS            0000021C 00000233 00000018 (         24.) LONG  2
CODE                            00000400 00000445 00000046 (         70.) LONG  2 NOPIC,USR,CON,REL,LCL,NOSHR,  EXE,  RD,NOWRT,NOVEC
                MODES           00000400 0000043C 0000003D (         61.) LONG  2
                DEFS            00000440 00000445 00000006 (          6.) LONG  2

                                                +-----------------+
                                                ! Symbols By Name !
                                                +-----------------+

Symbol          Value              Symbol          Value              Symbol          Value              Symbol          Value
------          -----              ------          -----              ------          -----              ------          -----
EXT1            00000100          
EXT2            00000040          
EXTDATA         0000021C-R        
EXTOFF          00000008          
EXTV            0000022C-R        
EXTVAL          00001234          
OTHER           00000230-R        
START           00000400-R        
SUB_ONE         00000440-R        



	  Key for special characters above:
		+--------------------+
		! *  - Undefined     !
		! A  - Alias Name    !
		! I  - Internal Name !
		! U  - Universal     !
		! R  - Relocatable   !
		! X  - External      !
		! WK - Weak          !
		+--------------------+

DUA1:[000000]MODES.EXE;1                                        30-SEP-2026 06:01        Linker V11-39                    Page    2

                                                 +----------------+
                                                 ! Image Synopsis !
                                                 +----------------+

Virtual memory allocated:                         00000200 000007FF 00000600 (1536. bytes, 3. pages)
Stack size:                                             20. pages
Image header virtual block limits:                       1.        1. (    1. block)
Image binary virtual block limits:                       2.        4. (    3. blocks)
Image name and identification:                    MODES V1.0
Number of files:                                         4.
Number of modules:                                       3.
Number of program sections:                              4.
Number of global symbols:                               10.
Number of image sections:                                4.
User transfer address:                            00000400
Debugger transfer address:                        7FFEDF68
Image type:                                       EXECUTABLE.
Map format:                                       DEFAULT in file DUA1:[000000]MODES.MAP;1
Estimated map length:                             11. blocks
                                              +---------------------+
                                              ! Link Run Statistics !
                                              +---------------------+

Performance Indicators                            Page Faults	CPU Time	Elapsed Time
----------------------                            -----------	--------	------------
    Command processing:                                    80	00:00:00.00	00:00:00.00
    Pass 1:                                              1243	00:00:00.01	00:00:00.01
    Allocation/Relocation:                                 76	00:00:00.00	00:00:00.00
    Pass 2:                                               745	00:00:00.01	00:00:00.01
    Map data after object module synopsis:                 48	00:00:00.00	00:00:00.00
    Symbol table output:                                   15	00:00:00.00	00:00:00.00
Total run values:                                        2207	00:00:00.02	00:00:00.02

Using a working set limited to 662 pages and 52 pages of data storage (excluding image)

Total number object records read (both passes):   124
    of which 26 were in libraries and 6 were DEBUG data records containing 145 bytes
121 bytes of DEBUG data were written,starting at VBN 5 with 1 blocks allocated

Number of modules extracted explicitly             = 0
    with 1 extracted to resolve undefined symbols

0 library searches were for symbols not in the library searched

A total of 0 global symbol table records was written

LINK/MAP=MODES.MAP/EXECUTABLE=MODES.EXE MODES,DEFS
