
FAILNOTB                                                         2-OCT-2026 19:03        Linker V11-39                    Page    1

                                             +------------------------+
                                             ! Object Module Synopsis !
                                             +------------------------+

Module Name     Ident              Bytes      File                                Creation Date      Creator
-----------     -----              -----      -----                               -------------      -------
FAILMAIN        V1.0                   10 DUA1:[000000]FAILMAIN.OBJ;1           2-OCT-2026 19:03  VAX MACRO V5.4-3
FAILSUB         V1.0                   24 DUA1:[000000]FAILSUB.OBJ;1            2-OCT-2026 19:03  VAX MACRO V5.4-3

                                            +--------------------------+
                                            ! Program Section Synopsis !
                                            +--------------------------+

Psect Name      Module Name       Base     End           Length            Align                 Attributes
----------      -----------       ----     ---           ------            -----                 ----------
CODE                            00000200 00000223 00000024 (         36.) LONG  2 NOPIC,USR,CON,REL,LCL,NOSHR,  EXE,  RD,NOWRT,NOVEC
                FAILMAIN        00000200 00000209 0000000A (         10.) LONG  2
                FAILSUB         0000020C 00000223 00000018 (         24.) LONG  2

                                                +-----------------+
                                                ! Symbols By Name !
                                                +-----------------+

Symbol          Value              Symbol          Value              Symbol          Value              Symbol          Value
------          -----              ------          -----              ------          -----              ------          -----
FAILMAIN        00000200-R        
SUB1            0000020C-R        
SUB2            00000217-R        



	  Key for special characters above:
		+--------------------+
		! *  - Undefined     !
		! A  - Alias Name    !
		! I  - Internal Name !
		! U  - Universal     !
		! R  - Relocatable   !
		! X  - External      !
		! WK - Weak          !
		+--------------------+

DUA1:[000000]FAILNOTB.EXE;1                                      2-OCT-2026 19:03        Linker V11-39                    Page    2

                                                 +----------------+
                                                 ! Image Synopsis !
                                                 +----------------+

Virtual memory allocated:                         00000200 000005FF 00000400 (1024. bytes, 2. pages)
Stack size:                                             20. pages
Image header virtual block limits:                       1.        1. (    1. block)
Image binary virtual block limits:                       2.        3. (    2. blocks)
Image name and identification:                    FAILNOTB V1.0
Number of files:                                         2.
Number of modules:                                       2.
Number of program sections:                              2.
Number of global symbols:                                3.
Number of image sections:                                3.
User transfer address:                            00000200
Image type:                                       EXECUTABLE.
Map format:                                       DEFAULT in file DUA1:[000000]FAILNOTB.MAP;1
Estimated map length:                             9. blocks
                                              +---------------------+
                                              ! Link Run Statistics !
                                              +---------------------+

Performance Indicators                            Page Faults	CPU Time	Elapsed Time
----------------------                            -----------	--------	------------
    Command processing:                                    90	00:00:00.00	00:00:00.00
    Pass 1:                                                64	00:00:00.00	00:00:00.00
    Allocation/Relocation:                                 59	00:00:00.00	00:00:00.00
    Pass 2:                                                61	00:00:00.00	00:00:00.00
    Map data after object module synopsis:                 16	00:00:00.01	00:00:00.01
    Symbol table output:                                    5	00:00:00.00	00:00:00.00
Total run values:                                         295	00:00:00.01	00:00:00.01

Using a working set limited to 662 pages and 48 pages of data storage (excluding image)

Total number object records read (both passes):   68
    of which 0 were in libraries and 6 were DEBUG data records containing 133 bytes

Number of modules extracted explicitly             = 0
    with 0 extracted to resolve undefined symbols

0 library searches were for symbols not in the library searched

A total of 0 global symbol table records was written

LINK/MAP=FAILNOTB/EXECUTABLE=FAILNOTB/NOTRACEBACK FAILMAIN,FAILSUB
