
                                                                 2-OCT-2026 19:03        Linker V11-39                    Page    1

                                             +------------------------+
                                             ! Object Module Synopsis !
                                             +------------------------+

Module Name     Ident              Bytes      File                                Creation Date      Creator
-----------     -----              -----      -----                               -------------      -------
TRACE           V1.0                  116 DUA1:[000000]TRACE.OBJ;1              2-OCT-2026 19:03  VAX MACRO V5.4-3

                                            +--------------------------+
                                            ! Program Section Synopsis !
                                            +--------------------------+

Psect Name      Module Name       Base     End           Length            Align                 Attributes
----------      -----------       ----     ---           ------            -----                 ----------
$CONST                          00000200 00000207 00000008 (          8.) BYTE  0 NOPIC,USR,CON,REL,LCL,NOSHR,NOEXE,  RD,NOWRT,NOVEC
                TRACE           00000200 00000207 00000008 (          8.) BYTE  0
DATA                            00000400 00000428 00000029 (         41.) LONG  2 NOPIC,USR,CON,REL,LCL,NOSHR,NOEXE,  RD,  WRT,NOVEC
                TRACE           00000400 00000428 00000029 (         41.) LONG  2
$CODE                           00000600 00000642 00000043 (         67.) LONG  2 NOPIC,USR,CON,REL,LCL,NOSHR,  EXE,  RD,NOWRT,NOVEC
                TRACE           00000600 00000642 00000043 (         67.) LONG  2

                                                +-----------------+
                                                ! Symbols By Name !
                                                +-----------------+

Symbol          Value              Symbol          Value              Symbol          Value              Symbol          Value
------          -----              ------          -----              ------          -----              ------          -----
FIRST           0000061E-R        
GLOBDATA        00000425-R        
LEVEL           00000002          
SECOND          0000062D-R        
TRACE           00000600-R        



	  Key for special characters above:
		+--------------------+
		! *  - Undefined     !
		! A  - Alias Name    !
		! I  - Internal Name !
		! U  - Universal     !
		! R  - Relocatable   !
		! X  - External      !
		! WK - Weak          !
		+--------------------+

DUA1:[000000]TRACE.EXE;1                                         2-OCT-2026 19:03        Linker V11-39                    Page    2

                                                 +----------------+
                                                 ! Image Synopsis !
                                                 +----------------+

Virtual memory allocated:                         00000200 000009FF 00000800 (2048. bytes, 4. pages)
Stack size:                                             20. pages
Image header virtual block limits:                       1.        1. (    1. block)
Image binary virtual block limits:                       2.        5. (    4. blocks)
Image name and identification:                    TRACE V1.0
Number of files:                                         4.
Number of modules:                                       3.
Number of program sections:                              6.
Number of global symbols:                              311.
Number of image sections:                                7.
User transfer address:                            00000600
Debugger transfer address:                        7FFEDF68
Number of code references to shareable images:           1.
Image type:                                       EXECUTABLE.
Map format:                                       DEFAULT in file DUA1:[000000]TRACE.MAP;1
Estimated map length:                             32. blocks
                                              +---------------------+
                                              ! Link Run Statistics !
                                              +---------------------+

Performance Indicators                            Page Faults	CPU Time	Elapsed Time
----------------------                            -----------	--------	------------
    Command processing:                                    87	00:00:00.01	00:00:00.01
    Pass 1:                                              1463	00:00:00.02	00:00:00.02
    Allocation/Relocation:                                 71	00:00:00.00	00:00:00.00
    Pass 2:                                               828	00:00:00.02	00:00:00.02
    Map data after object module synopsis:                 45	00:00:00.00	00:00:00.00
    Symbol table output:                                   10	00:00:00.00	00:00:00.00
Total run values:                                        2504	00:00:00.05	00:00:00.05

Using a working set limited to 812 pages and 111 pages of data storage (excluding image)

Total number object records read (both passes):   126
    of which 26 were in libraries and 3 were DEBUG data records containing 127 bytes
106 bytes of DEBUG data were written,starting at VBN 6 with 1 blocks allocated

Number of modules extracted explicitly             = 0
    with 1 extracted to resolve undefined symbols

0 library searches were for symbols not in the library searched

A total of 0 global symbol table records was written

LINK/MAP TRACE
