
                                                                30-SEP-2026 04:12        Linker V11-39                    Page    1

                                             +------------------------+
                                             ! Object Module Synopsis !
                                             +------------------------+

Module Name     Ident              Bytes      File                                Creation Date      Creator
-----------     -----              -----      -----                               -------------      -------
HELLO           V1.0                   37 DUA1:[000000]GV_HELLO.OBJ;1          30-SEP-2026 04:11  govax MACRO V0.0-0

                                            +--------------------------+
                                            ! Program Section Synopsis !
                                            +--------------------------+

Psect Name      Module Name       Base     End           Length            Align                 Attributes
----------      -----------       ----     ---           ------            -----                 ----------
DATA                            00000200 00000214 00000015 (         21.) LONG  2 NOPIC,USR,CON,REL,LCL,NOSHR,NOEXE,  RD,  WRT,NOVEC
                HELLO           00000200 00000214 00000015 (         21.) LONG  2
CODE                            00000400 0000040F 00000010 (         16.) LONG  2 NOPIC,USR,CON,REL,LCL,NOSHR,  EXE,  RD,NOWRT,NOVEC
                HELLO           00000400 0000040F 00000010 (         16.) LONG  2

                                                +-----------------+
                                                ! Symbols By Name !
                                                +-----------------+

Symbol          Value              Symbol          Value              Symbol          Value              Symbol          Value
------          -----              ------          -----              ------          -----              ------          -----
HELLO           00000400-R        



	  Key for special characters above:
		+--------------------+
		! *  - Undefined     !
		! A  - Alias Name    !
		! I  - Internal Name !
		! U  - Universal     !
		! R  - Relocatable   !
		! X  - External      !
		! WK - Weak          !
		+--------------------+

DUA1:[000000]GV_HELLO.EXE;1                                     30-SEP-2026 04:12        Linker V11-39                    Page    2

                                                 +----------------+
                                                 ! Image Synopsis !
                                                 +----------------+

Virtual memory allocated:                         00000200 000007FF 00000600 (1536. bytes, 3. pages)
Stack size:                                             20. pages
Image header virtual block limits:                       1.        1. (    1. block)
Image binary virtual block limits:                       2.        4. (    3. blocks)
Image name and identification:                    GV_HELLO V1.0
Number of files:                                         4.
Number of modules:                                       3.
Number of program sections:                              5.
Number of global symbols:                              307.
Number of image sections:                                6.
User transfer address:                            00000400
Debugger transfer address:                        7FFEDF68
Number of code references to shareable images:           1.
Image type:                                       EXECUTABLE.
Map format:                                       DEFAULT in file DUA1:[000000]GV_HELLO.MAP;1
Estimated map length:                             31. blocks
                                              +---------------------+
                                              ! Link Run Statistics !
                                              +---------------------+

Performance Indicators                            Page Faults	CPU Time	Elapsed Time
----------------------                            -----------	--------	------------
    Command processing:                                    91	00:00:00.00	00:00:00.00
    Pass 1:                                              1165	00:00:00.02	00:00:00.02
    Allocation/Relocation:                                 75	00:00:00.00	00:00:00.00
    Pass 2:                                               765	00:00:00.01	00:00:00.01
    Map data after object module synopsis:                 40	00:00:00.01	00:00:00.01
    Symbol table output:                                   10	00:00:00.00	00:00:00.00
Total run values:                                        2146	00:00:00.04	00:00:00.04

Using a working set limited to 812 pages and 109 pages of data storage (excluding image)

Total number object records read (both passes):   104
    of which 26 were in libraries and 0 were DEBUG data records containing 0 bytes

Number of modules extracted explicitly             = 0
    with 1 extracted to resolve undefined symbols

0 library searches were for symbols not in the library searched

A total of 0 global symbol table records was written

LINK/MAP GV_HELLO
