
                                                                30-SEP-2026 04:12        Linker V11-39                    Page    1

                                             +------------------------+
                                             ! Object Module Synopsis !
                                             +------------------------+

Module Name     Ident              Bytes      File                                Creation Date      Creator
-----------     -----              -----      -----                               -------------      -------
PSECTS          V1.0                   94 DUA1:[000000]GV_PSECTS.OBJ;1         30-SEP-2026 04:11  govax MACRO V0.0-0

                                            +--------------------------+
                                            ! Program Section Synopsis !
                                            +--------------------------+

Psect Name      Module Name       Base     End           Length            Align                 Attributes
----------      -----------       ----     ---           ------            -----                 ----------
DATA                            00000200 0000024B 0000004C (         76.) LONG  2 NOPIC,USR,CON,REL,LCL,NOSHR,NOEXE,  RD,  WRT,NOVEC
                PSECTS          00000200 0000024B 0000004C (         76.) LONG  2
CODE                            00000400 0000040D 0000000E (         14.) LONG  2 NOPIC,USR,CON,REL,LCL,NOSHR,  EXE,  RD,NOWRT,NOVEC
                PSECTS          00000400 0000040D 0000000E (         14.) LONG  2
. BLANK .                       00000600 00000603 00000004 (          4.) BYTE  0 NOPIC,USR,CON,REL,LCL,NOSHR,  EXE,  RD,  WRT,NOVEC
                PSECTS          00000600 00000603 00000004 (          4.) BYTE  0

                                                +-----------------+
                                                ! Symbols By Name !
                                                +-----------------+

Symbol          Value              Symbol          Value              Symbol          Value              Symbol          Value
------          -----              ------          -----              ------          -----              ------          -----
FIRST           00000600-R        
OFF_A           00000000          
OFF_B           00000004          
OFF_D           00000007          
START           00000400-R        



	  Key for special characters above:
		+--------------------+
		! *  - Undefined     !
		! A  - Alias Name    !
		! I  - Internal Name !
		! U  - Universal     !
		! R  - Relocatable   !
		! X  - External      !
		! WK - Weak          !
		+--------------------+

DUA1:[000000]GV_PSECTS.EXE;1                                    30-SEP-2026 04:12        Linker V11-39                    Page    2

                                                 +----------------+
                                                 ! Image Synopsis !
                                                 +----------------+

Virtual memory allocated:                         00000200 000009FF 00000800 (2048. bytes, 4. pages)
Stack size:                                             20. pages
Image header virtual block limits:                       1.        1. (    1. block)
Image binary virtual block limits:                       2.        4. (    3. blocks)
Image name and identification:                    GV_PSECTS V1.0
Number of files:                                         3.
Number of modules:                                       2.
Number of program sections:                              6.
Number of global symbols:                                6.
Number of image sections:                                5.
User transfer address:                            00000400
Debugger transfer address:                        7FFEDF68
Image type:                                       EXECUTABLE.
Map format:                                       DEFAULT in file DUA1:[000000]GV_PSECTS.MAP;1
Estimated map length:                             13. blocks
                                              +---------------------+
                                              ! Link Run Statistics !
                                              +---------------------+

Performance Indicators                            Page Faults	CPU Time	Elapsed Time
----------------------                            -----------	--------	------------
    Command processing:                                   100	00:00:00.00	00:00:00.00
    Pass 1:                                              1154	00:00:00.01	00:00:00.01
    Allocation/Relocation:                                 71	00:00:00.01	00:00:00.01
    Pass 2:                                               761	00:00:00.01	00:00:00.01
    Map data after object module synopsis:                 37	00:00:00.00	00:00:00.00
    Symbol table output:                                   14	00:00:00.00	00:00:00.00
Total run values:                                        2137	00:00:00.03	00:00:00.03

Using a working set limited to 662 pages and 51 pages of data storage (excluding image)

Total number object records read (both passes):   96
    of which 26 were in libraries and 0 were DEBUG data records containing 0 bytes

Number of modules extracted explicitly             = 0
    with 1 extracted to resolve undefined symbols

0 library searches were for symbols not in the library searched

A total of 0 global symbol table records was written

LINK/MAP GV_PSECTS
