
                                                                30-SEP-2026 16:09        Linker V11-39                    Page    1

                                             +------------------------+
                                             ! Object Module Synopsis !
                                             +------------------------+

Module Name     Ident              Bytes      File                                Creation Date      Creator
-----------     -----              -----      -----                               -------------      -------
QIOW            V1.0                  151 DUA1:[000000]GV_QIOW.OBJ;1           30-SEP-2026 16:08  govax MACRO V0.0-0

                                            +--------------------------+
                                            ! Program Section Synopsis !
                                            +--------------------------+

Psect Name      Module Name       Base     End           Length            Align                 Attributes
----------      -----------       ----     ---           ------            -----                 ----------
DATA                            00000200 0000022F 00000030 (         48.) QUAD  3 NOPIC,USR,CON,REL,LCL,NOSHR,NOEXE,  RD,  WRT,NOVEC
                QIOW            00000200 0000022F 00000030 (         48.) QUAD  3
CODE                            00000400 00000466 00000067 (        103.) LONG  2 NOPIC,USR,CON,REL,LCL,NOSHR,  EXE,  RD,NOWRT,NOVEC
                QIOW            00000400 00000466 00000067 (        103.) LONG  2

                                                +-----------------+
                                                ! Symbols By Name !
                                                +-----------------+

Symbol          Value              Symbol          Value              Symbol          Value              Symbol          Value
------          -----              ------          -----              ------          -----              ------          -----
QIOW            00000400-R        



	  Key for special characters above:
		+--------------------+
		! *  - Undefined     !
		! A  - Alias Name    !
		! I  - Internal Name !
		! U  - Universal     !
		! R  - Relocatable   !
		! X  - External      !
		! WK - Weak          !
		+--------------------+

DUA1:[000000]GV_QIOW.EXE;1                                      30-SEP-2026 16:09        Linker V11-39                    Page    2

                                                 +----------------+
                                                 ! Image Synopsis !
                                                 +----------------+

Virtual memory allocated:                         00000200 000007FF 00000600 (1536. bytes, 3. pages)
Stack size:                                             20. pages
Image header virtual block limits:                       1.        1. (    1. block)
Image binary virtual block limits:                       2.        4. (    3. blocks)
Image name and identification:                    GV_QIOW V1.0
Number of files:                                         3.
Number of modules:                                       2.
Number of program sections:                              4.
Number of global symbols:                                6.
Number of image sections:                                4.
User transfer address:                            00000400
Debugger transfer address:                        7FFEDF68
Image type:                                       EXECUTABLE.
Map format:                                       DEFAULT in file DUA1:[000000]GV_QIOW.MAP;1
Estimated map length:                             11. blocks
                                              +---------------------+
                                              ! Link Run Statistics !
                                              +---------------------+

Performance Indicators                            Page Faults	CPU Time	Elapsed Time
----------------------                            -----------	--------	------------
    Command processing:                                    85	00:00:00.00	00:00:00.00
    Pass 1:                                              1165	00:00:00.01	00:00:00.01
    Allocation/Relocation:                                 71	00:00:00.00	00:00:00.00
    Pass 2:                                               681	00:00:00.01	00:00:00.01
    Map data after object module synopsis:                 39	00:00:00.00	00:00:00.00
    Symbol table output:                                    7	00:00:00.00	00:00:00.00
Total run values:                                        2048	00:00:00.02	00:00:00.02

Using a working set limited to 812 pages and 51 pages of data storage (excluding image)

Total number object records read (both passes):   82
    of which 26 were in libraries and 0 were DEBUG data records containing 0 bytes

Number of modules extracted explicitly             = 0
    with 1 extracted to resolve undefined symbols

0 library searches were for symbols not in the library searched

A total of 0 global symbol table records was written

LINK/MAP GV_QIOW
